exports[`SearchBar test suite renders without crashing 1`] = `
ShallowWrapper {
  "complexSelector": ComplexSelector {
    "buildPredicate": [Function],
    "childrenOfNode": [Function],
    "findWhereUnwrapped": [Function],
  },
  "length": 1,
  "node": <form
    className="search-location"
    onSubmit={[Function]}>
    <input
        onChange={[Function]}
        placeholder="Search by..."
        type="text" />
    <button
        type="submit"
        value="Search">
        Submit
    </button>
</form>,
  "nodes": Array [
    <form
      className="search-location"
      onSubmit={[Function]}>
      <input
            onChange={[Function]}
            placeholder="Search by..."
            type="text" />
      <button
            type="submit"
            value="Search">
            Submit
      </button>
</form>,
  ],
  "options": Object {},
  "renderer": ReactShallowRenderer {
    "_instance": ShallowComponentWrapper {
      "_calledComponentWillUnmount": false,
      "_compositeType": 0,
      "_context": Object {},
      "_currentElement": <SearchBar
        onSearchSubmit={[Function]} />,
      "_debugID": 1,
      "_hostContainerInfo": null,
      "_hostParent": null,
      "_instance": SearchBar {
        "_reactInternalInstance": [Circular],
        "context": Object {},
        "props": Object {
          "onSearchSubmit": [Function],
        },
        "refs": Object {},
        "state": Object {
          "cityName": "",
        },
        "updater": Object {
          "enqueueCallback": [Function],
          "enqueueCallbackInternal": [Function],
          "enqueueElementInternal": [Function],
          "enqueueForceUpdate": [Function],
          "enqueueReplaceState": [Function],
          "enqueueSetState": [Function],
          "isMounted": [Function],
          "validateCallback": [Function],
        },
      },
      "_mountOrder": 1,
      "_pendingCallbacks": null,
      "_pendingElement": null,
      "_pendingForceUpdate": false,
      "_pendingReplaceState": false,
      "_pendingStateQueue": null,
      "_renderedComponent": NoopInternalComponent {
        "_currentElement": <form
          className="search-location"
          onSubmit={[Function]}>
          <input
                    onChange={[Function]}
                    placeholder="Search by..."
                    type="text" />
          <button
                    type="submit"
                    value="Search">
                    Submit
          </button>
</form>,
        "_debugID": 2,
        "_renderedOutput": <form
          className="search-location"
          onSubmit={[Function]}>
          <input
                    onChange={[Function]}
                    placeholder="Search by..."
                    type="text" />
          <button
                    type="submit"
                    value="Search">
                    Submit
          </button>
</form>,
      },
      "_renderedNodeType": 0,
      "_rootNodeID": 0,
      "_topLevelWrapper": null,
      "_updateBatchNumber": null,
      "_warnedAboutRefsInRender": false,
    },
    "getRenderOutput": [Function],
    "render": [Function],
  },
  "root": [Circular],
  "unrendered": <SearchBar
    onSearchSubmit={[Function]} />,
}
`;
